------------------------------------------------------------
TimeQuest Timing Analyzer Summary
------------------------------------------------------------

Type  : Slow 1100mV 85C Model Setup 'clk'
Slack : -6.429
TNS   : -469.633

Type  : Slow 1100mV 85C Model Hold 'clk'
Slack : 0.335
TNS   : 0.000

Type  : Slow 1100mV 85C Model Minimum Pulse Width 'clk'
Slack : -0.394
TNS   : -82.690

Type  : Slow 1100mV 0C Model Setup 'clk'
Slack : -6.332
TNS   : -455.171

Type  : Slow 1100mV 0C Model Hold 'clk'
Slack : 0.311
TNS   : 0.000

Type  : Slow 1100mV 0C Model Minimum Pulse Width 'clk'
Slack : -0.394
TNS   : -89.749

Type  : Fast 1100mV 85C Model Setup 'clk'
Slack : -3.260
TNS   : -224.916

Type  : Fast 1100mV 85C Model Hold 'clk'
Slack : 0.182
TNS   : 0.000

Type  : Fast 1100mV 85C Model Minimum Pulse Width 'clk'
Slack : -0.085
TNS   : -12.372

Type  : Fast 1100mV 0C Model Setup 'clk'
Slack : -2.908
TNS   : -190.806

Type  : Fast 1100mV 0C Model Hold 'clk'
Slack : 0.172
TNS   : 0.000

Type  : Fast 1100mV 0C Model Minimum Pulse Width 'clk'
Slack : -0.084
TNS   : -12.510

------------------------------------------------------------
